
> softwareglimpse@0.1.0 seo:factory-pack-wave
> tsx scripts/seo/run-factory-pack-wave.ts --wave-size 20 --apply --promote

FR-002 factory-pack wave: size=20 mode=APPLY+PROMOTE
Factory IMPROVE pool≈1023; already processed excluded=223; legitimate selected=20; thin/illegitimate skipped this pass=100
Wave lanes: { B: 20 }
Top 10: [
  'fastmail-implementation [B rank=156 gsc=0/—]',
  'sanebox-implementation [B rank=156 gsc=0/—]',
  'sanebox-setup [B rank=156 gsc=0/—]',
  'wati-implementation [B rank=156 gsc=0/—]',
  'wati-migration [B rank=156 gsc=0/—]',
  'wati-setup [B rank=156 gsc=0/—]',
  'zenzap-implementation [B rank=156 gsc=0/—]',
  'zenzap-migration [B rank=156 gsc=0/—]',
  'zenzap-setup [B rank=156 gsc=0/—]',
  'adcreative-ai-implementation [B rank=154 gsc=0/—]'
]
Building overlay-merged peer set…
Peers ready (1715)
Scoring semantic before…
Before-scores done; running enrichment batch…

════════ WAVE REPORT ════════
processed: 20
materially improved: 3
promoted: 4
remaining improve: 16
semantic failure: 16
semantic risk reduced: 4
still high risk: 16
average semantic Δ: 0.099
unique signals gained: 6
data blockers: 0
evidence blockers: 4
average quality delta: 0.3
factory IMPROVE remaining ≈ 1003
Wrote /Users/LMeyeridricks/Documents/coding/SoftwareGlimpse/data/seo/batches/factory-pack-2026-09-09-w7/wave-report.json
Wrote /Users/LMeyeridricks/Documents/coding/SoftwareGlimpse/docs/seo/FACTORY-PACK-WAVE-2026-09-09-w7.md
