
> softwareglimpse@0.1.0 seo:factory-pack-wave
> tsx scripts/seo/run-factory-pack-wave.ts --wave-size 20 --apply --promote

FR-002 factory-pack wave: size=20 mode=APPLY+PROMOTE
Factory IMPROVE pool≈1008; already processed excluded=268; legitimate selected=20; thin/illegitimate skipped this pass=100
Wave lanes: { B: 20 }
Top 10: [
  'copper-implementation [B rank=145 gsc=0/—]',
  'copper-migration [B rank=145 gsc=0/—]',
  'copper-setup [B rank=145 gsc=0/—]',
  'creatio-implementation [B rank=145 gsc=0/—]',
  'creatio-migration [B rank=145 gsc=0/—]',
  'creatio-setup [B rank=145 gsc=0/—]',
  'dynamics-365-implementation [B rank=145 gsc=0/—]',
  'dynamics-365-migration [B rank=145 gsc=0/—]',
  'dynamics-365-setup [B rank=145 gsc=0/—]',
  'insightly-implementation [B rank=145 gsc=0/—]'
]
Building overlay-merged peer set…
Peers ready (1715)
Scoring semantic before…
Before-scores done; running enrichment batch…

════════ WAVE REPORT ════════
processed: 20
materially improved: 0
promoted: 0
remaining improve: 20
semantic failure: 20
semantic risk reduced: 0
still high risk: 20
average semantic Δ: 0
unique signals gained: 0
data blockers: 0
evidence blockers: 7
average quality delta: 0
factory IMPROVE remaining ≈ 988
Wrote /Users/LMeyeridricks/Documents/coding/SoftwareGlimpse/data/seo/batches/factory-pack-2026-09-09-w10/wave-report.json
Wrote /Users/LMeyeridricks/Documents/coding/SoftwareGlimpse/docs/seo/FACTORY-PACK-WAVE-2026-09-09-w10.md
