
> softwareglimpse@0.1.0 seo:factory-pack-wave
> tsx scripts/seo/run-factory-pack-wave.ts --wave-size 20 --apply --promote

FR-002 factory-pack wave: size=20 mode=APPLY+PROMOTE
Factory IMPROVE pool≈1011; already processed excluded=231; legitimate selected=20; thin/illegitimate skipped this pass=100
Wave lanes: { B: 20 }
Top 10: [
  'elevenlabs-setup [B rank=154 gsc=0/—]',
  'gamma-implementation [B rank=154 gsc=0/—]',
  'gamma-migration [B rank=154 gsc=0/—]',
  'gamma-setup [B rank=154 gsc=0/—]',
  'hynote-implementation [B rank=154 gsc=0/—]',
  'hynote-migration [B rank=154 gsc=0/—]',
  'hynote-setup [B rank=154 gsc=0/—]',
  'rank-prompt-implementation [B rank=154 gsc=0/—]',
  'rank-prompt-migration [B rank=154 gsc=0/—]',
  'rank-prompt-setup [B rank=154 gsc=0/—]'
]
Building overlay-merged peer set…
Peers ready (1715)
Scoring semantic before…
Before-scores done; running enrichment batch…

════════ WAVE REPORT ════════
processed: 20
materially improved: 3
promoted: 3
remaining improve: 17
semantic failure: 17
semantic risk reduced: 3
still high risk: 17
average semantic Δ: 0.077
unique signals gained: 6
data blockers: 0
evidence blockers: 3
average quality delta: 0.4
factory IMPROVE remaining ≈ 1004
Wrote /Users/LMeyeridricks/Documents/coding/SoftwareGlimpse/data/seo/batches/factory-pack-2026-09-09-w8/wave-report.json
Wrote /Users/LMeyeridricks/Documents/coding/SoftwareGlimpse/docs/seo/FACTORY-PACK-WAVE-2026-09-09-w8.md
